// Jest Snapshot v1, https://goo.gl/fbAQLP

exports[`Test <GifItem /> Should match with the snapshot 1`] = `
<div>
  <div
    class="card"
  >
    <img
      alt="Imagen Metal Gear Solid"
      src="https://api.giphy.com/v1/gifs/search?Metal-Gear-Solid"
    />
    <div
      class="card-body"
    >
      <h3>
        Metal Gear Solid
      </h3>
    </div>
  </div>
</div>
`;
